   1               		.file	"main.c"
   2               	__SP_H__ = 0x3e
   3               	__SP_L__ = 0x3d
   4               	__SREG__ = 0x3f
   5               	__tmp_reg__ = 0
   6               	__zero_reg__ = 1
   7               		.text
   8               		.section	.text.startup,"ax",@progbits
   9               	.global	main
  11               	main:
  12               	/* prologue: function */
  13               	/* frame size = 0 */
  14               	/* stack size = 0 */
  15               	.L__stack_usage = 0
  16 0000 4CE2      		ldi r20,lo8(44)
  17 0002 51E0      		ldi r21,lo8(1)
  18 0004 60E0      		ldi r22,0
  19 0006 70E0      		ldi r23,0
  20 0008 80E0      		ldi r24,lo8(_pixels)
  21 000a 90E0      		ldi r25,hi8(_pixels)
  22 000c 0E94 0000 		call memset
  23 0010 1092 0000 		sts _pixels+270,__zero_reg__
  24 0014 8FEF      		ldi r24,lo8(-1)
  25 0016 8093 0000 		sts _pixels+271,r24
  26 001a 1092 0000 		sts _pixels+272,__zero_reg__
  27 001e 529A      		sbi 0xa,2
  28 0020 3BB1      		in r19,0xb
  29 0022 3B7F      		andi r19,lo8(-5)
  30 0024 2BB1      		in r18,0xb
  31 0026 2460      		ori r18,lo8(4)
  32 0028 4FB7      		in r20,__SREG__
  33               	/* #APP */
  34               	 ;  67 "ws2812.c" 1
  35 002a F894      		cli
  36               	 ;  0 "" 2
  37               	/* #NOAPP */
  38 002c 80E0      		ldi r24,lo8(_pixels)
  39 002e 90E0      		ldi r25,hi8(_pixels)
  40               	.L2:
  41 0030 FC01      		movw r30,r24
  42 0032 0196      		adiw r24,1
  43 0034 5081      		ld r21,Z
  44               	/* #APP */
  45               	 ;  71 "ws2812.c" 1
  46 0036 68E0      		       ldi   r22,8  
  47               		loop28:            
  48 0038 2BB9      		       out   11,r18 
  49 003a 0000      		nop      
  50 003c 00C0      		rjmp .+0 
  51 003e 57FF      		       sbrs  r21,7  
  52 0040 3BB9      		       out   11,r19 
  53 0042 550F      		       lsl   r21    
  54 0044 0000      		nop      
  55 0046 00C0      		rjmp .+0 
  56 0048 00C0      		rjmp .+0 
  57 004a 00C0      		rjmp .+0 
  58 004c 00C0      		rjmp .+0 
  59 004e 00C0      		rjmp .+0 
  60 0050 3BB9      		       out   11,r19 
  61 0052 6A95      		       dec   r22    
  62 0054 01F4      		       brne  loop28
  63               		
  64               	 ;  0 "" 2
  65               	/* #NOAPP */
  66 0056 50E0      		ldi r21,hi8(_pixels+300)
  67 0058 8030      		cpi r24,lo8(_pixels+300)
  68 005a 9507      		cpc r25,r21
  69 005c 01F4      		brne .L2
  70 005e 4FBF      		out __SREG__,r20
  71               	.L3:
  72 0060 00C0      		rjmp .L3
  74               		.local	_pixels
  75               		.comm	_pixels,300,1
  76               		.ident	"GCC: (GNU) 13.2.0"
  77               	.global __do_clear_bss
DEFINED SYMBOLS
                            *ABS*:00000000 main.c
     /tmp/cc9sHgKq.s:2      *ABS*:0000003e __SP_H__
     /tmp/cc9sHgKq.s:3      *ABS*:0000003d __SP_L__
     /tmp/cc9sHgKq.s:4      *ABS*:0000003f __SREG__
     /tmp/cc9sHgKq.s:5      *ABS*:00000000 __tmp_reg__
     /tmp/cc9sHgKq.s:6      *ABS*:00000001 __zero_reg__
     /tmp/cc9sHgKq.s:11     .text.startup:00000000 main
                             .bss:00000000 _pixels
     /tmp/cc9sHgKq.s:47     .text.startup:00000038 loop28
     /tmp/cc9sHgKq.s:50     .text.startup:0000003e L0
     /tmp/cc9sHgKq.s:55     .text.startup:00000048 L0
     /tmp/cc9sHgKq.s:56     .text.startup:0000004a L0
     /tmp/cc9sHgKq.s:57     .text.startup:0000004c L0
     /tmp/cc9sHgKq.s:58     .text.startup:0000004e L0
     /tmp/cc9sHgKq.s:59     .text.startup:00000050 L0
     /tmp/cc9sHgKq.s:40     .text.startup:00000030 .L2
     /tmp/cc9sHgKq.s:71     .text.startup:00000060 .L3

UNDEFINED SYMBOLS
memset
__do_clear_bss
